MPASM  5.35                        RJCAR3.ASM   3-12-2012  19:56:55         PAGE  1


LOC  OBJECT CODE     LINE SOURCE TEXT
  VALUE

                      00001 
                      00002 ; CONFIG BITS: 0x3F3A
                      00003 
                      00004  LIST      P=16F874A, R=DEC
                      00005  INCLUDE  <P16F874.INC>
                      00001         LIST
                      00002 ; P16F874.INC  Standard Header File, Version 1.00    Microchip Technology, Inc.
Message[301]: MESSAGE: (Processor-header file mismatch.  Verify selected processor.)
                      00374         LIST
                      00006 
                      00007                   ;deklarace registru
  00000020            00008 r1      equ 20h
  00000021            00009 r2      equ 21h
  00000022            00010 r3      equ 22h
  00000023            00011 r4      equ 23h
                      00012 
  00000024            00013 cil     equ 24h
  00000025            00014 port    equ 25h
  00000026            00015 cislo   equ 26h
                      00016 
  00000027            00017 r5      equ 27h
                      00018 
  0000002B            00019 w_temp  equ 2Bh
  0000002C            00020 s_temp  equ 2Ch
                      00021 
  00000030            00022 num     equ 30h
                      00023 
  00000031            00024 an0     equ 31h
  00000032            00025 an1     equ 32h
  00000033            00026 an2     equ 33h
  00000034            00027 an3     equ 34h
  00000035            00028 an4     equ 35h
  00000036            00029 an5     equ 36h
  00000037            00030 an6     equ 37h
  00000038            00031 an7     equ 38h
                      00032 
  00000039            00033 CIS1_L      equ 39h
  0000003A            00034 CIS1_H      equ 3Ah
  0000003B            00035 CIS2_L      equ 3Bh
  0000003C            00036 CIS2_H      equ 3Ch
  0000003D            00037 ran1      equ 3Dh
  0000003E            00038 ran2      equ 3Eh
  0000003F            00039 ran3       equ 3Fh
  00000040            00040 ran4       equ 40h
  00000041            00041 A1    equ 41h
  00000042            00042 A2    equ 42h
  00000043            00043 A3    equ 43h
  00000044            00044 B1    equ 44h
  00000045            00045 B2    equ 45h
  00000046            00046 B3    equ 46h
  00000047            00047 C1    equ 47h
  00000048            00048 C2    equ 48h
  00000049            00049 C3    equ 49h
MPASM  5.35                        RJCAR3.ASM   3-12-2012  19:56:55         PAGE  2


LOC  OBJECT CODE     LINE SOURCE TEXT
  VALUE

  0000004A            00050 D1    equ 4Ah
  0000004B            00051 D2    equ 4Bh
  0000004C            00052 D3    equ 4Ch
  0000004D            00053 X1    equ 4Dh
  0000004E            00054 X2    equ 4Eh
  0000004F            00055 FL    equ 4Fh
  00000050            00056 ran5  equ 50h
  00000051            00057 OUT_L equ 51h
  00000052            00058 OUT_H equ 52h
                      00059 
  0000007C            00060 conf        equ 7Ch
                      00061 
                      00062 ;KONSTANTY
                      00063 ;conf constant
  00000002            00064 WATCHOVER   equ .2
  00000003            00065 PCON_POR    equ .3
                      00066 
                      00067 ;system constants
  00000001            00068 POR         equ .1
                      00069 
0000                  00070         org 000h        ;vektor zacatku
0000   2805           00071         goto init
                      00072 
0004                  00073         org 004h        ;vektor preruseni
0004   2836           00074         goto inter
                      00075 
                      00076 
                      00077 
                      00078 
0005   3003           00079 init    movlw .3    ;oznaceni tohoto procesoru
0006   00B0           00080         movwf num
                      00081         
0007   0185           00082         clrf PORTA      ;Init PORTS
0008   0186           00083         clrf PORTB
0009   0187           00084         clrf PORTC
000A   0188           00085         clrf PORTD
000B   0189           00086         clrf PORTE
                      00087         
                      00088 
000C   1683           00089         bsf STATUS, RP0  ;Bank 1
                      00090         
000D   3040           00091         movlw b'01000000' ;0 left justifed, FOSC/2 na rychlost prevodu 0, 00, nastaveni analogových vst
                            upu a hodnotu k porovnání 0000
Message[302]: Register in operand not in bank 0.  Ensure that bank bits are correct.
000E   009F           00092         movwf ADCON1
                      00093 
000F   302F           00094         movlw   b'00101111'; 1 znamená vstup, 0 výstup
Message[302]: Register in operand not in bank 0.  Ensure that bank bits are correct.
0010   0085           00095         movwf   TRISA
0011   3001           00096         movlw   b'00000001'
Message[302]: Register in operand not in bank 0.  Ensure that bank bits are correct.
0012   0086           00097         movwf   TRISB
0013   3000           00098         movlw b'00000000'
MPASM  5.35                        RJCAR3.ASM   3-12-2012  19:56:55         PAGE  3


LOC  OBJECT CODE     LINE SOURCE TEXT
  VALUE

Message[302]: Register in operand not in bank 0.  Ensure that bank bits are correct.
0014   0087           00099         movwf TRISC
0015   3000           00100         movlw b'00000000'
Message[302]: Register in operand not in bank 0.  Ensure that bank bits are correct.
0016   0088           00101         movwf TRISD
0017   3007           00102         movlw b'00000111'
Message[302]: Register in operand not in bank 0.  Ensure that bank bits are correct.
0018   0089           00103         movwf TRISE
                      00104         
0019   30C0           00105         movlw b'11000000'
Message[302]: Register in operand not in bank 0.  Ensure that bank bits are correct.
001A   0081           00106         movwf OPTION_REG
                      00107 
                      00108         
Message[302]: Register in operand not in bank 0.  Ensure that bank bits are correct.
001B   080E           00109         movf PCON, W
Message[302]: Register in operand not in bank 0.  Ensure that bank bits are correct.
001C   148E           00110         bsf PCON, POR
                      00111             
001D   1283           00112         bcf STATUS, RP0 ;Bank 0
                      00113 
001E   00A0           00114         movwf r1
001F   11FC           00115         bcf conf, PCON_POR
0020   18A0           00116         btfsc r1, POR ;pokud neni zapnuto, obnovi stare registry
0021   15FC           00117         bsf conf, PCON_POR
                      00118 
0022   3046           00119         movlw b'01000110' ; nastaví control register timer2
0023   0092           00120         movwf T2CON
                      00121         
                      00122         ; Zapne preruseni a to i pro com
0024   160B           00123         bsf INTCON, INTE
0025   202E           00124         call inton
                      00125         
0026   19FC           00126         btfsc conf, PCON_POR ;pokud neni zapnuto, obnovi stare registry
0027   2A06           00127         goto restart
                      00128 
0028   2A08           00129         goto start      ;zacni na startu
                      00130         
                      00131         
0029   120B           00132 intoff      bcf INTCON, INTE
002A   1683           00133             bsf STATUS, RP0  ;Bank 1
Message[302]: Register in operand not in bank 0.  Ensure that bank bits are correct.
002B   108C           00134             bcf PIE1, TMR2IE
002C   1283           00135             bcf STATUS, RP0 ;Bank 0
002D   0008           00136             return
                      00137 
                      00138         
002E   108B           00139 inton       bcf INTCON, INTF    ; nastavení přerušení od RB0        
                      00140             ;bsf INTCON, INTE
002F   108C           00141             bcf PIR1, TMR2IF ;nastavení přerušení od Timer2
0030   1683           00142             bsf STATUS, RP0  ;Bank 1
Message[302]: Register in operand not in bank 0.  Ensure that bank bits are correct.
0031   148C           00143             bsf PIE1, TMR2IE
MPASM  5.35                        RJCAR3.ASM   3-12-2012  19:56:55         PAGE  4


LOC  OBJECT CODE     LINE SOURCE TEXT
  VALUE

0032   1283           00144             bcf STATUS, RP0 ;Bank 0
0033   170B           00145             bsf INTCON, PEIE
0034   178B           00146             bsf INTCON, GIE
0035   0008           00147             return
                      00148         
                      00149 
0036   2029           00150 inter   call intoff
0037   00AB           00151         movwf w_temp ;copy w to temp register
0038   0E03           00152         swapf STATUS, W ;swap status to be saved into w
0039   0183           00153         clrf STATUS ;bank 0, regardless of current bank, clears irp,rp1,rp0
003A   00AC           00154         movwf s_temp ;save status to bank zero status_temp register
                      00155         
003B   188C           00156         btfsc PIR1, TMR2IF      ;preruseni od timer2 watch
003C   2045           00157         call watchover
                      00158 
003D   188B           00159         btfsc INTCON, INTF   ;pokud preruseni od B0
003E   2056           00160         call prijem
                      00161         
003F   0E2C           00162         swapf s_temp, W ;swap status_temp register into w
0040   0083           00163         movwf STATUS ;move w into status register;(sets bank to original state)
0041   0EAB           00164         swapf w_temp, F ;swap w_temp
0042   0E2B           00165         swapf w_temp, W ;
0043   202E           00166         call inton
0044   0008           00167         return
                      00168         
                      00169         
                      00170         
                      00171 ;pokud přetekl timer2 pro watch
0045   157C           00172 watchover   bsf conf, WATCHOVER
0046   108B           00173             bcf INTCON, INTF    ; nastavení přerušení od RB0        
0047   160B           00174             bsf INTCON, INTE
                      00175             ;bsf INTCON, GIE
0048   0008           00176             return
                      00177             
                      00178 ;Zapnutí stopek pro kontrolu zacyklení - timer2
0049   117C           00179 watchstart  bcf conf, WATCHOVER ;nastavi jako nepreteceny
004A   108B           00180             bcf INTCON, INTF
004B   108C           00181             bcf PIR1, TMR2IF ;nastavení přerušení od Timer2
004C   1683           00182             bsf STATUS, RP0  ;Bank 1
Message[302]: Register in operand not in bank 0.  Ensure that bank bits are correct.
004D   148C           00183             bsf PIE1, TMR2IE
004E   1283           00184             bcf STATUS, RP0 ;Bank 0
004F   170B           00185             bsf INTCON, PEIE
0050   178B           00186             bsf INTCON, GIE
0051   0191           00187             clrf TMR2 ;vynuluje timer2
0052   0008           00188             return
                      00189             
0053   1D7C           00190 watchwait   btfss conf, WATCHOVER
0054   2853           00191             goto $-1
                      00192             ; pro jistotu jeste pocka aby dobehly hodiny v ostatnich PRCS
0055   0008           00193             return
                      00194 
                      00195 
MPASM  5.35                        RJCAR3.ASM   3-12-2012  19:56:55         PAGE  5


LOC  OBJECT CODE     LINE SOURCE TEXT
  VALUE

                      00196       ; Začne počítat čas pro procesor WATCH2
0056   2049           00197 prijem      call watchstart
0057   197C           00198             btfsc conf, WATCHOVER
0058   28A5           00199             goto prijemerr
0059   1806           00200             btfsc PORTB, 0  ;ceka az skonci prvni start bit
005A   2857           00201             goto $-3 ;ochrana proti zamrznuti
005B   2238           00202             call w40c   ;posune do prostred prijimaneho bitu
005C   2233           00203             call w100c  ;odbije druhy startbit
                      00204             
005D   01A4           00205             clrf cil        ; ulozi prijate oznaceni do cil XXXX
005E   3004           00206             movlw .4
005F   00A1           00207             movwf r2
0060   0DA4           00208             rlf cil, F
0061   1806           00209             btfsc PORTB, 0
0062   1424           00210             bsf cil, 0
0063   1C06           00211             btfss PORTB, 0
0064   1024           00212             bcf cil, 0
0065   2233           00213             call w100c
0066   0BA1           00214             decfsz r2, F
0067   2860           00215             goto $-7
                      00216     
0068   1806           00217             btfsc PORTB, 0  ;zkontroluje pokud (r5, 0) = 0 vysle sve registry, naopak zapise do svych re
                            g
0069   1427           00218             bsf r5, 0
006A   1C06           00219             btfss PORTB, 0
006B   1027           00220             bcf r5, 0
006C   2233           00221             call w100c
                      00222     
006D   01A5           00223             clrf port        ; ulozi prijate do port XX
006E   3002           00224             movlw .2
006F   00A1           00225             movwf r2
0070   0DA5           00226             rlf port, F
0071   1806           00227             btfsc PORTB, 0
0072   1425           00228             bsf port, 0
0073   1C06           00229             btfss PORTB, 0
0074   1025           00230             bcf port, 0
0075   2233           00231             call w100c
0076   0BA1           00232             decfsz r2, F
0077   2870           00233             goto $-7
                      00234             
0078   01A6           00235             clrf cislo        ; ulozi prijate do cislo portu XXX
0079   3003           00236             movlw .3
007A   00A1           00237             movwf r2
007B   0DA6           00238             rlf cislo, F
007C   1806           00239             btfsc PORTB, 0
007D   1426           00240             bsf cislo, 0
007E   1C06           00241             btfss PORTB, 0
007F   1026           00242             bcf cislo, 0
0080   2233           00243             call w100c
0081   0BA1           00244             decfsz r2, F
0082   287B           00245             goto $-7
                      00246     
0083   1806           00247             btfsc PORTB, 0  ;zkontroluje (r5, 1) = hodnota ciloveho registru
MPASM  5.35                        RJCAR3.ASM   3-12-2012  19:56:55         PAGE  6


LOC  OBJECT CODE     LINE SOURCE TEXT
  VALUE

0084   14A7           00248             bsf r5, 1
0085   1C06           00249             btfss PORTB, 0
0086   10A7           00250             bcf r5, 1
0087   2233           00251             call w100c
                      00252             
0088   197C           00253             btfsc conf, WATCHOVER
0089   28A5           00254             goto prijemerr
008A   1806           00255             btfsc PORTB, 0  ;ceka az skonci prvni stop bity
008B   2888           00256             goto $-3 ;ochrana proti zamrznuti
                      00257 
                      00258             
                      00259     
008C   1C27           00260             btfss r5, 0  ;pokud 1 tak chce poslat zdejsi registry
008D   28A0           00261             goto ende
                      00262     
008E   0930           00263             comf num, W     ;pokud neni pro nej zkonci
008F   0724           00264             addwf cil, W
0090   00A0           00265             movwf r1
0091   0FA0           00266             incfsz r1, F
0092   28A0           00267             goto ende
                      00268             
0093   0825           00269             movf port, W      ;podle port, cislo, hodno - nastavy prislusny port na danou hodnotu napr.:
                             RC3:=1
0094   00A0           00270             movwf r1          ;zdrzuje cca 46 instrukci
0095   1903           00271             btfsc STATUS, Z
0096   20A7           00272             call pra
0097   03A0           00273             decf r1, F
0098   1903           00274             btfsc STATUS, Z
0099   20B5           00275             call prb
009A   03A0           00276             decf r1, F
009B   1903           00277             btfsc STATUS, Z
009C   20F0           00278             call prc
009D   03A0           00279             decf r1, F
009E   1903           00280             btfsc STATUS, Z
009F   2132           00281             call prd
                      00282         
00A0   1827           00283 ende        btfsc r5, 0 ;pokud r5, 1, tedy je pouze nastavovan registr v tomto prc tak skonci bez ohledu
                             na vyhrazeny cas 
00A1   2045           00284             call watchover
00A2   1827           00285             btfsc r5, 0 
00A3   0008           00286             return
                      00287                 
                      00288             ;pokud 0 vysle sve registry nebo ceka X bitu pokud neni pro nej
00A4   2174           00289             call vysilej
                      00290             
                      00291             ; Čeká až doběhne čas vyhrazený pro tento procesor WATCH2
                      00292             ;call watchwait
                      00293 
00A5   0000           00294 prijemerr   nop
00A6   0008           00295             return
                      00296 
00A7   0826           00297 pra     movf cislo, W
00A8   00A1           00298         movwf r2
MPASM  5.35                        RJCAR3.ASM   3-12-2012  19:56:55         PAGE  7


LOC  OBJECT CODE     LINE SOURCE TEXT
  VALUE

00A9   03A1           00299         decf r2, F
00AA   03A1           00300         decf r2, F
00AB   03A1           00301         decf r2, F
00AC   03A1           00302         decf r2, F
00AD   1903           00303         btfsc STATUS, Z
00AE   28B0           00304         goto na4
00AF   0008           00305         return
                      00306         
                      00307 
00B0   1CA7           00308 na4     btfss r5, 1
00B1   1205           00309         bcf PORTA, 4
00B2   18A7           00310         btfsc r5, 1
00B3   1605           00311         bsf PORTA, 4
00B4   0008           00312         return
                      00313 
                      00314 
00B5   0826           00315 prb     movf cislo, W
00B6   00A1           00316         movwf r2
00B7   03A1           00317         decf r2, F
00B8   1903           00318         btfsc STATUS, Z
00B9   28CD           00319         goto nb1
00BA   03A1           00320         decf r2, F
00BB   1903           00321         btfsc STATUS, Z
00BC   28D2           00322         goto nb2
00BD   03A1           00323         decf r2, F
00BE   1903           00324         btfsc STATUS, Z
00BF   28D7           00325         goto nb3
00C0   03A1           00326         decf r2, F
00C1   1903           00327         btfsc STATUS, Z
00C2   28DC           00328         goto nb4
00C3   03A1           00329         decf r2, F
00C4   1903           00330         btfsc STATUS, Z
00C5   28E1           00331         goto nb5
00C6   03A1           00332         decf r2, F
00C7   1903           00333         btfsc STATUS, Z
00C8   28E6           00334         goto nb6
00C9   03A1           00335         decf r2, F
00CA   1903           00336         btfsc STATUS, Z
00CB   28EB           00337         goto nb7
00CC   0008           00338         return
                      00339         
                      00340 
00CD   1CA7           00341 nb1     btfss r5, 1
00CE   1086           00342         bcf PORTB, 1
00CF   18A7           00343         btfsc r5, 1
00D0   1486           00344         bsf PORTB, 1
00D1   0008           00345         return
00D2   1CA7           00346 nb2     btfss r5, 1
00D3   1106           00347         bcf PORTB, 2
00D4   18A7           00348         btfsc r5, 1
00D5   1506           00349         bsf PORTB, 2
00D6   0008           00350         return
00D7   1CA7           00351 nb3     btfss r5, 1
MPASM  5.35                        RJCAR3.ASM   3-12-2012  19:56:55         PAGE  8


LOC  OBJECT CODE     LINE SOURCE TEXT
  VALUE

00D8   1186           00352         bcf PORTB, 3
00D9   18A7           00353         btfsc r5, 1
00DA   1586           00354         bsf PORTB, 3
00DB   0008           00355         return
00DC   1CA7           00356 nb4     btfss r5, 1
00DD   1206           00357         bcf PORTB, 4
00DE   18A7           00358         btfsc r5, 1
00DF   1606           00359         bsf PORTB, 4
00E0   0008           00360         return
00E1   1CA7           00361 nb5     btfss r5, 1
00E2   1286           00362         bcf PORTB, 5
00E3   18A7           00363         btfsc r5, 1
00E4   1686           00364         bsf PORTB, 5
00E5   0008           00365         return
00E6   1CA7           00366 nb6     btfss r5, 1
00E7   1306           00367         bcf PORTB, 6
00E8   18A7           00368         btfsc r5, 1
00E9   1706           00369         bsf PORTB, 6
00EA   0008           00370         return
00EB   1CA7           00371 nb7     btfss r5, 1
00EC   1386           00372         bcf PORTB, 7
00ED   18A7           00373         btfsc r5, 1
00EE   1786           00374         bsf PORTB, 7
00EF   0008           00375         return
                      00376         
                      00377         
00F0   0826           00378 prc     movf cislo, W
00F1   00A1           00379         movwf r2
00F2   1903           00380         btfsc STATUS, Z
00F3   290A           00381         goto nc0
00F4   03A1           00382         decf r2, F
00F5   1903           00383         btfsc STATUS, Z
00F6   290F           00384         goto nc1
00F7   03A1           00385         decf r2, F
00F8   1903           00386         btfsc STATUS, Z
00F9   2914           00387         goto nc2
00FA   03A1           00388         decf r2, F
00FB   1903           00389         btfsc STATUS, Z
00FC   2919           00390         goto nc3
00FD   03A1           00391         decf r2, F
00FE   1903           00392         btfsc STATUS, Z
00FF   291E           00393         goto nc4
0100   03A1           00394         decf r2, F
0101   1903           00395         btfsc STATUS, Z
0102   2923           00396         goto nc5
0103   03A1           00397         decf r2, F
0104   1903           00398         btfsc STATUS, Z
0105   2928           00399         goto nc6
0106   03A1           00400         decf r2, F
0107   1903           00401         btfsc STATUS, Z
0108   292D           00402         goto nc7
0109   0008           00403         return
                      00404         
MPASM  5.35                        RJCAR3.ASM   3-12-2012  19:56:55         PAGE  9


LOC  OBJECT CODE     LINE SOURCE TEXT
  VALUE

010A   1CA7           00405 nc0     btfss r5, 1
010B   1007           00406         bcf PORTC, 0
010C   18A7           00407         btfsc r5, 1
010D   1407           00408         bsf PORTC, 0
010E   0008           00409         return
010F   1CA7           00410 nc1     btfss r5, 1
0110   1087           00411         bcf PORTC, 1
0111   18A7           00412         btfsc r5, 1
0112   1487           00413         bsf PORTC, 1
0113   0008           00414         return
0114   1CA7           00415 nc2     btfss r5, 1
0115   1107           00416         bcf PORTC, 2
0116   18A7           00417         btfsc r5, 1
0117   1507           00418         bsf PORTC, 2
0118   0008           00419         return
0119   1CA7           00420 nc3     btfss r5, 1
011A   1187           00421         bcf PORTC, 3
011B   18A7           00422         btfsc r5, 1
011C   1587           00423         bsf PORTC, 3
011D   0008           00424         return
011E   1CA7           00425 nc4     btfss r5, 1
011F   1207           00426         bcf PORTC, 4
0120   18A7           00427         btfsc r5, 1
0121   1607           00428         bsf PORTC, 4
0122   0008           00429         return
0123   1CA7           00430 nc5     btfss r5, 1
0124   1287           00431         bcf PORTC, 5
0125   18A7           00432         btfsc r5, 1
0126   1687           00433         bsf PORTC, 5
0127   0008           00434         return
0128   1CA7           00435 nc6     btfss r5, 1
0129   1307           00436         bcf PORTC, 6
012A   18A7           00437         btfsc r5, 1
012B   1707           00438         bsf PORTC, 6
012C   0008           00439         return
012D   1CA7           00440 nc7     btfss r5, 1
012E   1387           00441         bcf PORTC, 7
012F   18A7           00442         btfsc r5, 1
0130   1787           00443         bsf PORTC, 7
0131   0008           00444         return
                      00445         
                      00446         
0132   0826           00447 prd     movf cislo, W
0133   00A1           00448         movwf r2
0134   1903           00449         btfsc STATUS, Z
0135   294C           00450         goto nd0
0136   03A1           00451         decf r2, F
0137   1903           00452         btfsc STATUS, Z
0138   2951           00453         goto nd1
0139   03A1           00454         decf r2, F
013A   1903           00455         btfsc STATUS, Z
013B   2956           00456         goto nd2
013C   03A1           00457         decf r2, F
MPASM  5.35                        RJCAR3.ASM   3-12-2012  19:56:55         PAGE 10


LOC  OBJECT CODE     LINE SOURCE TEXT
  VALUE

013D   1903           00458         btfsc STATUS, Z
013E   295B           00459         goto nd3
013F   03A1           00460         decf r2, F
0140   1903           00461         btfsc STATUS, Z
0141   2960           00462         goto nd4
0142   03A1           00463         decf r2, F
0143   1903           00464         btfsc STATUS, Z
0144   2965           00465         goto nd5
0145   03A1           00466         decf r2, F
0146   1903           00467         btfsc STATUS, Z
0147   296A           00468         goto nd6
0148   03A1           00469         decf r2, F
0149   1903           00470         btfsc STATUS, Z
014A   296F           00471         goto nd7
014B   0008           00472         return
                      00473         
014C   1CA7           00474 nd0     btfss r5, 1
014D   1008           00475         bcf PORTD, 0
014E   18A7           00476         btfsc r5, 1
014F   1408           00477         bsf PORTD, 0
0150   0008           00478         return
0151   1CA7           00479 nd1     btfss r5, 1
0152   1088           00480         bcf PORTD, 1
0153   18A7           00481         btfsc r5, 1
0154   1488           00482         bsf PORTD, 1
0155   0008           00483         return
0156   1CA7           00484 nd2     btfss r5, 1
0157   1108           00485         bcf PORTD, 2
0158   18A7           00486         btfsc r5, 1
0159   1508           00487         bsf PORTD, 2
015A   0008           00488         return
015B   1CA7           00489 nd3     btfss r5, 1
015C   1188           00490         bcf PORTD, 3
015D   18A7           00491         btfsc r5, 1
015E   1588           00492         bsf PORTD, 3
015F   0008           00493         return
0160   1CA7           00494 nd4     btfss r5, 1
0161   1208           00495         bcf PORTD, 4
0162   18A7           00496         btfsc r5, 1
0163   1608           00497         bsf PORTD, 4
0164   0008           00498         return
0165   1CA7           00499 nd5     btfss r5, 1
0166   1288           00500         bcf PORTD, 5
0167   18A7           00501         btfsc r5, 1
0168   1688           00502         bsf PORTD, 5
0169   0008           00503         return
016A   1CA7           00504 nd6     btfss r5, 1
016B   1308           00505         bcf PORTD, 6
016C   18A7           00506         btfsc r5, 1
016D   1708           00507         bsf PORTD, 6
016E   0008           00508         return
016F   1CA7           00509 nd7     btfss r5, 1
0170   1388           00510         bcf PORTD, 7
MPASM  5.35                        RJCAR3.ASM   3-12-2012  19:56:55         PAGE 11


LOC  OBJECT CODE     LINE SOURCE TEXT
  VALUE

0171   18A7           00511         btfsc r5, 1
0172   1788           00512         bsf PORTD, 7
0173   0008           00513         return
                      00514 
                      00515 
0174   0930           00516 vysilej comf num, W     ;pokud neni pro nej skonci
0175   0724           00517         addwf cil, W
0176   00A0           00518         movwf r1
0177   0FA0           00519         incfsz r1, F
0178   0008           00520         return
                      00521         
0179   1683           00522         bsf STATUS, RP0  ;Bank 1
Message[302]: Register in operand not in bank 0.  Ensure that bank bits are correct.
017A   1006           00523         bcf TRISB, 0  ;nastavim sbernici na vystup z procesoru
017B   1283           00524         bcf STATUS, RP0  ;Bank 0
                      00525         
017C   1406           00526         bsf PORTB, 0  ;vysle start bity XX - 10
017D   2233           00527         call w100c
017E   1006           00528         bcf PORTB, 0
017F   2233           00529         call w100c
                      00530         
                      00531                 ; vysle bajt AN XXXX XXXX
0180   0831           00532         movf an0, W
0181   00A0           00533         movwf r1
0182   3008           00534         movlw .8
0183   00A1           00535         movwf r2
0184   1BA0           00536         btfsc r1, 7
0185   1406           00537         bsf PORTB, 0
0186   1FA0           00538         btfss r1, 7
0187   1006           00539         bcf PORTB, 0
0188   2233           00540         call w100c
0189   0DA0           00541         rlf r1, F
018A   0BA1           00542         decfsz r2, F
018B   2984           00543         goto $-7
                      00544         
018C   1406           00545         bsf PORTB, 0  ;vysle synchronizacni bity XX - 10
018D   2233           00546         call w100c
018E   1006           00547         bcf PORTB, 0
018F   2233           00548         call w100c
                      00549         
                      00550 
                      00551                 ; vysle bajt AN XXXX XXXX
0190   0832           00552         movf an1, W
0191   00A0           00553         movwf r1
0192   3008           00554         movlw .8
0193   00A1           00555         movwf r2
0194   1BA0           00556         btfsc r1, 7
0195   1406           00557         bsf PORTB, 0
0196   1FA0           00558         btfss r1, 7
0197   1006           00559         bcf PORTB, 0
0198   2233           00560         call w100c
0199   0DA0           00561         rlf r1, F
019A   0BA1           00562         decfsz r2, F
MPASM  5.35                        RJCAR3.ASM   3-12-2012  19:56:55         PAGE 12


LOC  OBJECT CODE     LINE SOURCE TEXT
  VALUE

019B   2994           00563         goto $-7
                      00564         
019C   1406           00565         bsf PORTB, 0  ;vysle synchronizacni bity XX - 10
019D   2233           00566         call w100c
019E   1006           00567         bcf PORTB, 0
019F   2233           00568         call w100c
                      00569         
                      00570 
                      00571                 ; vysle bajt AN XXXX XXXX
01A0   0833           00572         movf an2, W
01A1   00A0           00573         movwf r1
01A2   3008           00574         movlw .8
01A3   00A1           00575         movwf r2
01A4   1BA0           00576         btfsc r1, 7
01A5   1406           00577         bsf PORTB, 0
01A6   1FA0           00578         btfss r1, 7
01A7   1006           00579         bcf PORTB, 0
01A8   2233           00580         call w100c
01A9   0DA0           00581         rlf r1, F
01AA   0BA1           00582         decfsz r2, F
01AB   29A4           00583         goto $-7
                      00584         
01AC   1406           00585         bsf PORTB, 0  ;vysle synchronizacni bity XX - 10
01AD   2233           00586         call w100c
01AE   1006           00587         bcf PORTB, 0
01AF   2233           00588         call w100c
                      00589         
                      00590 
                      00591                 ; vysle bajt AN XXXX XXXX
01B0   0834           00592         movf an3, W
01B1   00A0           00593         movwf r1
01B2   3008           00594         movlw .8
01B3   00A1           00595         movwf r2
01B4   1BA0           00596         btfsc r1, 7
01B5   1406           00597         bsf PORTB, 0
01B6   1FA0           00598         btfss r1, 7
01B7   1006           00599         bcf PORTB, 0
01B8   2233           00600         call w100c
01B9   0DA0           00601         rlf r1, F
01BA   0BA1           00602         decfsz r2, F
01BB   29B4           00603         goto $-7
                      00604         
01BC   1406           00605         bsf PORTB, 0  ;vysle synchronizacni bity XX - 10
01BD   2233           00606         call w100c
01BE   1006           00607         bcf PORTB, 0
01BF   2233           00608         call w100c
                      00609         
                      00610 
                      00611                 ; vysle bajt AN XXXX XXXX
01C0   0835           00612         movf an4, W
01C1   00A0           00613         movwf r1
01C2   3008           00614         movlw .8
01C3   00A1           00615         movwf r2
MPASM  5.35                        RJCAR3.ASM   3-12-2012  19:56:55         PAGE 13


LOC  OBJECT CODE     LINE SOURCE TEXT
  VALUE

01C4   1BA0           00616         btfsc r1, 7
01C5   1406           00617         bsf PORTB, 0
01C6   1FA0           00618         btfss r1, 7
01C7   1006           00619         bcf PORTB, 0
01C8   2233           00620         call w100c
01C9   0DA0           00621         rlf r1, F
01CA   0BA1           00622         decfsz r2, F
01CB   29C4           00623         goto $-7
                      00624         
01CC   1406           00625         bsf PORTB, 0  ;vysle synchronizacni bity XX - 10
01CD   2233           00626         call w100c
01CE   1006           00627         bcf PORTB, 0
01CF   2233           00628         call w100c
                      00629         
                      00630 
                      00631                 ; vysle bajt AN XXXX XXXX
01D0   0836           00632         movf an5, W
01D1   00A0           00633         movwf r1
01D2   3008           00634         movlw .8
01D3   00A1           00635         movwf r2
01D4   1BA0           00636         btfsc r1, 7
01D5   1406           00637         bsf PORTB, 0
01D6   1FA0           00638         btfss r1, 7
01D7   1006           00639         bcf PORTB, 0
01D8   2233           00640         call w100c
01D9   0DA0           00641         rlf r1, F
01DA   0BA1           00642         decfsz r2, F
01DB   29D4           00643         goto $-7
                      00644         
01DC   1406           00645         bsf PORTB, 0  ;vysle synchronizacni bity XX - 10
01DD   2233           00646         call w100c
01DE   1006           00647         bcf PORTB, 0
01DF   2233           00648         call w100c
                      00649         
                      00650 
                      00651                 ; vysle bajt AN XXXX XXXX
01E0   0837           00652         movf an6, W
01E1   00A0           00653         movwf r1
01E2   3008           00654         movlw .8
01E3   00A1           00655         movwf r2
01E4   1BA0           00656         btfsc r1, 7
01E5   1406           00657         bsf PORTB, 0
01E6   1FA0           00658         btfss r1, 7
01E7   1006           00659         bcf PORTB, 0
01E8   2233           00660         call w100c
01E9   0DA0           00661         rlf r1, F
01EA   0BA1           00662         decfsz r2, F
01EB   29E4           00663         goto $-7
                      00664         
01EC   1406           00665         bsf PORTB, 0  ;vysle synchronizacni bity XX - 10
01ED   2233           00666         call w100c
01EE   1006           00667         bcf PORTB, 0
01EF   2233           00668         call w100c
MPASM  5.35                        RJCAR3.ASM   3-12-2012  19:56:55         PAGE 14


LOC  OBJECT CODE     LINE SOURCE TEXT
  VALUE

                      00669         
                      00670 
                      00671                 ; vysle bajt AN XXXX XXXX
01F0   0838           00672         movf an7, W
01F1   00A0           00673         movwf r1
01F2   3008           00674         movlw .8
01F3   00A1           00675         movwf r2
01F4   1BA0           00676         btfsc r1, 7
01F5   1406           00677         bsf PORTB, 0
01F6   1FA0           00678         btfss r1, 7
01F7   1006           00679         bcf PORTB, 0
01F8   2233           00680         call w100c
01F9   0DA0           00681         rlf r1, F
01FA   0BA1           00682         decfsz r2, F
01FB   29F4           00683         goto $-7
                      00684         
01FC   1406           00685         bsf PORTB, 0  ;vysle stop bity XXX - 111
01FD   2233           00686         call w100c
01FE   2233           00687         call w100c
01FF   2233           00688         call w100c
0200   1006           00689         bcf PORTB, 0
0201   2238           00690         call w40c
                      00691 
                      00692 
0202   1683           00693         bsf STATUS, RP0  ;Bank 1
Message[302]: Register in operand not in bank 0.  Ensure that bank bits are correct.
0203   1406           00694         bsf TRISB, 0  ;nastavim sbernici na vstup do procesoru
0204   1283           00695         bcf STATUS, RP0  ;Bank 0
                      00696 
0205   0008           00697         return
                      00698         
                      00699 
0206   0000           00700 restart     nop
0207   2A0A           00701             goto loop
                      00702 
0208   0000           00703 start       nop
0209   2A0A           00704             goto loop
                      00705 
020A   3000           00706 loop        movlw .0 ;nastavime ANx kde x je zadane cislo   
020B   00BD           00707             movwf ran1
020C   223D           00708             call adconv
020D   083D           00709             movf ran1, W
020E   00B1           00710             movwf an0
                      00711             
020F   3001           00712             movlw .1 ;nastavime ANx kde x je zadane cislo
0210   00BD           00713             movwf ran1
0211   223D           00714             call adconv
0212   083D           00715             movf ran1, W
0213   00B2           00716             movwf an1
                      00717             
0214   3002           00718             movlw .2 ;nastavime ANx kde x je zadane cislo
0215   00BD           00719             movwf ran1
0216   223D           00720             call adconv
MPASM  5.35                        RJCAR3.ASM   3-12-2012  19:56:55         PAGE 15


LOC  OBJECT CODE     LINE SOURCE TEXT
  VALUE

0217   083D           00721             movf ran1, W
0218   00B3           00722             movwf an2
                      00723             
0219   3003           00724             movlw .3 ;nastavime ANx kde x je zadane cislo
021A   00BD           00725             movwf ran1
021B   223D           00726             call adconv
021C   083D           00727             movf ran1, W
021D   00B4           00728             movwf an3
                      00729             
021E   3004           00730             movlw .4 ;nastavime ANx kde x je zadane cislo
021F   00BD           00731             movwf ran1
0220   223D           00732             call adconv
0221   083D           00733             movf ran1, W
0222   00B5           00734             movwf an4
                      00735             
0223   3005           00736             movlw .5 ;nastavime ANx kde x je zadane cislo
0224   00BD           00737             movwf ran1
0225   223D           00738             call adconv
0226   083D           00739             movf ran1, W
0227   00B6           00740             movwf an5
                      00741             
0228   3006           00742             movlw .6 ;nastavime ANx kde x je zadane cislo
0229   00BD           00743             movwf ran1
022A   223D           00744             call adconv
022B   083D           00745             movf ran1, W
022C   00B7           00746             movwf an6
                      00747             
022D   3007           00748             movlw .7 ;nastavime ANx kde x je zadane cislo
022E   00BD           00749             movwf ran1
022F   223D           00750             call adconv
0230   083D           00751             movf ran1, W
0231   00B8           00752             movwf an7
                      00753         
0232   2A0A           00754             goto loop      ;zpet v cyklu na zacatek
                      00755         
                      00756         
                      00757 
                      00758 
                      00759         ;cekej cca 100 cyklu 40us  + u kazdeho cekani je 7 cyklu povinych
0233   3050           00760 w100c   movlw .80
0234   00A3           00761         movwf r4
0235   0BA3           00762         decfsz r4, F
0236   2A35           00763         goto $-1
0237   0008           00764         return
                      00765 
                      00766           ;cekej necelou polovinu w100c
0238   301E           00767 w40c   movlw .30
0239   00A3           00768         movwf r4
023A   0BA3           00769         decfsz r4, F
023B   2A3A           00770         goto $-1
023C   0008           00771         return
                      00772 
                      00773 
MPASM  5.35                        RJCAR3.ASM   3-12-2012  19:56:55         PAGE 16


LOC  OBJECT CODE     LINE SOURCE TEXT
  VALUE

                      00774 
                      00775 
                      00776 
                      00777 
                      00778 
023D   3032           00779 adconv      movlw .50 ; kolikrat se ma merit vstup
023E   00BE           00780             movwf ran2 ; decrementator pro cykl
023F   00D0           00781             movwf ran5 ; delitel pro vypocet prumeru
0240   083D           00782             movf ran1, W
0241   00BF           00783             movwf ran3 ; zachováni ANx vstupu
0242   01BB           00784             clrf CIS2_L
0243   01BC           00785             clrf CIS2_H
                      00786             
0244   083F           00787 adconv2     movf ran3, W
0245   00BD           00788             movwf ran1 ; nasteni znova ANx vstupu
0246   2265           00789             call adconv_one
                      00790             
                      00791             ; pripraveni cisla 1 k pricteni
0247   01BA           00792             clrf CIS1_H
0248   083D           00793             movf ran1, W
0249   00B9           00794             movwf CIS1_L
                      00795             
                      00796             ; Secte dve 16-bitova cisla do max. hodnoty vysledku FFFFh (65535d)
                      00797             ; CIS1_H, CIS1_L + CIS2_H, CIS2_L -> OUT_H a OUT_L
                      00798         
024A   0839           00799                 movf    CIS1_L,W        ; CIS1_L do W
024B   073B           00800                 addwf   CIS2_L,W        ; W + CIS2_L do W
024C   00D1           00801                 movwf   OUT_L           ; W do OUT_L
                      00802         
024D   083A           00803                 movf    CIS1_H,W        ; CIS1_H do W
024E   1803           00804                 btfsc   STATUS,C
024F   3E01           00805                 addlw   0x01            ; C=1, scitani preteklo tak uloz 1 do W
0250   073C           00806                 addwf   CIS2_H,W
0251   00D2           00807                 movwf   OUT_H           ; W do OUT_H
                      00808                 
                      00809                 ; ulozi OUT do CIS2
0252   0851           00810             movf OUT_L, W
0253   00BB           00811             movwf CIS2_L
0254   0852           00812             movf OUT_H, W
0255   00BC           00813             movwf CIS2_H
                      00814             
                      00815             
0256   0BBE           00816             decfsz ran2, F
0257   2A44           00817             goto adconv2
                      00818             
                      00819             ; vydeli poctem mereni
0258   083B           00820             movf CIS2_L, W
0259   00C1           00821             movwf A1
025A   083C           00822             movf CIS2_H, W
025B   00C2           00823             movwf A2
025C   01C3           00824             clrf A3
                      00825             
025D   0850           00826             movf ran5, W
MPASM  5.35                        RJCAR3.ASM   3-12-2012  19:56:55         PAGE 17


LOC  OBJECT CODE     LINE SOURCE TEXT
  VALUE

025E   00C4           00827             movwf B1
025F   01C5           00828             clrf B2
0260   01C6           00829             clrf B3
                      00830             
0261   2274           00831             call LOMENO24
0262   0847           00832             movf C1, W
0263   00BD           00833             movwf ran1
                      00834             
0264   0008           00835             return
                      00836         
0265   1003           00837 adconv_one  bcf STATUS, C
0266   0DBD           00838             rlf ran1, F
0267   0DBD           00839             rlf ran1, F
0268   0DBD           00840             rlf ran1, F
                      00841             
                      00842             ; ADCON0 REG     ;00 Fosc/2, 000 AN0, 1 start & in progres, 0, 1 shut up (povoleno)
0269   13BD           00843             bcf ran1, 7
026A   173D           00844             bsf ran1, 6
                      00845             ; 5
                      00846             ; 4
                      00847             ; 3
026B   153D           00848             bsf ran1, 2
                      00849             ; 1
026C   143D           00850             bsf ran1, 0
                      00851             
026D   083D           00852             movf ran1, W
026E   009F           00853             movwf ADCON0
                      00854             
026F   191F           00855             btfsc ADCON0, 2   ;ceka nez skonci AD prevod
0270   2A6F           00856             goto $-1
0271   081E           00857             movf ADRESH, W    ;kontroluje zda je zmena od minule
0272   00BD           00858             movwf ran1
0273   0008           00859             return
                      00860         
                      00861         
                      00862         
                      00863         
                      00864         
                      00865 ;-------------------------------;
                      00866 ; A1,2,3 / B1,2,3 = C1,2,3
                      00867 ;24Bit, pouze kladna cisla
                      00868 ;SZ=1=deleni nulou (B1,2,3=0)
                      00869 ;B se nezmeni, v A bude zbytek
                      00870 ;pouziva D1,2,3; X1
0274                  00871 LOMENO24
                      00872 ;test B na nulu; sZ=1=ANO
0274   08C4           00873         MOVF    B1,F
0275   1903           00874         BTFSC   STATUS,Z        ;nenulove?
0276   08C5           00875         MOVF    B2,F
0277   1903           00876         BTFSC   STATUS,Z        ;nenulove?
0278   08C6           00877         MOVF    B3,F
0279   1903           00878         BTFSC   STATUS,Z        ;nenulove?
027A   0008           00879         RETURN                  ;B1,2,3=0
MPASM  5.35                        RJCAR3.ASM   3-12-2012  19:56:55         PAGE 18


LOC  OBJECT CODE     LINE SOURCE TEXT
  VALUE

                      00880 ;priprava pro deleni
027B   0841           00881 LOM24   MOVF    A1,W            ;A do D
027C   00CA           00882         MOVWF   D1              ;
027D   0842           00883         MOVF    A2,W            ;
027E   00CB           00884         MOVWF   D2              ;
027F   0843           00885         MOVF    A3,W            ;
0280   00CC           00886         MOVWF   D3              ;
0281   01C1           00887         CLRF    A1              ;nulovat
0282   01C2           00888         CLRF    A2              ;
0283   01C3           00889         CLRF    A3              ;
0284   3018           00890         MOVLW   24              ;pocet bitu
0285   00CD           00891         MOVWF   X1              ;
0286   1003           00892         BCF     STATUS,C        ;SC=0
                      00893 ;deleni
0287   2299           00894 LDalsi  CALL    x2M             ;D,A posun vlevo, A-B=C
0288   1C03           00895         BTFSS   STATUS,C        ;kladny vysledek?
0289   2A8F           00896         GOTO    LZapor          ;NE
                      00897 ;LKlad
028A   00C3           00898         MOVWF   A3              ;C do A
028B   0848           00899         MOVF    C2,W            ;
028C   00C2           00900         MOVWF   A2              ;
028D   0847           00901         MOVF    C1,W            ;
028E   00C1           00902         MOVWF   A1              ;
                      00903 
028F   0BCD           00904 LZapor  DECFSZ  X1,F            ;-1=0?
0290   2A87           00905         GOTO    LDalsi          ;jeste neni konec
                      00906 ;vysledek
0291   0D4A           00907         RLF     D1,W            ;posledni x2
0292   00C7           00908         MOVWF   C1              ; a W do C
0293   0D4B           00909         RLF     D2,W            ;
0294   00C8           00910         MOVWF   C2              ;
0295   0D4C           00911         RLF     D3,W            ;
0296   00C9           00912         MOVWF   C3              ;
                      00913 
0297   1103           00914         BCF     STATUS,Z        ;SZ=0
0298   0008           00915         RETURN
                      00916 
                      00917 
                      00918 ;................................
                      00919 ; D1,2,3 A1,2,3 * 2 a Minus
0299   0DCA           00920 x2M     RLF     D1,F            ;posuv vlevo
029A   0DCB           00921         RLF     D2,F            ;
029B   0DCC           00922         RLF     D3,F            ;
029C   0DC1           00923         RLF     A1,F            ;
029D   0DC2           00924         RLF     A2,F            ;
029E   0DC3           00925         RLF     A3,F            ;
                      00926                                 ;pokracuje MINUS
                      00927 ;--------------------------------
                      00928 ; A1,2,3 - B1,2,3 = C1,2,3
                      00929 ;SC=0=zaporny vysledek
                      00930 ;A,B se nezmeni
029F   0844           00931 MINUS   MOVF    B1,W            ;W=B1
02A0   0241           00932         SUBWF   A1,W            ;A1-B1=W
MPASM  5.35                        RJCAR3.ASM   3-12-2012  19:56:55         PAGE 19


LOC  OBJECT CODE     LINE SOURCE TEXT
  VALUE

02A1   00C7           00933         MOVWF   C1              ;C1=W=vysledek1
02A2   0103           00934         CLRW                    ;W=0
02A3   1C03           00935         BTFSS   STATUS,C        ;SUB kladne?
02A4   3001           00936         MOVLW   1               ;W=1
02A5   0745           00937         ADDWF   B2,W            ;B2+W=W
02A6   01C9           00938         CLRF    C3              ;C3=0
02A7   1803           00939         BTFSC   STATUS,C        ;ADD nepreteklo?
02A8   1449           00940         BSF     C3,0            ;C3=1
02A9   0242           00941         SUBWF   A2,W            ;A2-W=W
02AA   00C8           00942         MOVWF   C2              ;C2=w=vysledek2
02AB   0849           00943         MOVF    C3,W            ;W=C3
02AC   1C03           00944         BTFSS   STATUS,C        ;SUB kladne?
02AD   3001           00945         MOVLW   1               ;W=1
02AE   0746           00946         ADDWF   B3,W            ;B3+W=W
02AF   01C9           00947         CLRF    C3              ;C3=0
02B0   1803           00948         BTFSC   STATUS,C        ;ADD nepreteklo?
02B1   1449           00949         BSF     C3,0            ;C3=1
02B2   0243           00950         SUBWF   A3,W            ;A3-W=W
02B3   1849           00951         BTFSC   C3,0            ;C3=0?
02B4   1003           00952         BCF     STATUS,C        ;SC=0
02B5   00C9           00953         MOVWF   C3              ;C3=W=vysledek3
02B6   0008           00954         RETURN
                      00955 
                      00956 
                      00957 
                      00958 
                      00959         end                                           ; KONEC PROGRAMU
MPASM  5.35                        RJCAR3.ASM   3-12-2012  19:56:55         PAGE 20


SYMBOL TABLE
  LABEL                             VALUE 

A1                                00000041
A2                                00000042
A3                                00000043
ACKDT                             00000005
ACKEN                             00000004
ACKSTAT                           00000006
ADCON0                            0000001F
ADCON1                            0000009F
ADCS0                             00000006
ADCS1                             00000007
ADDEN                             00000003
ADFM                              00000007
ADIE                              00000006
ADIF                              00000006
ADON                              00000000
ADRESH                            0000001E
ADRESL                            0000009E
B1                                00000044
B2                                00000045
B3                                00000046
BCLIE                             00000003
BCLIF                             00000003
BF                                00000000
BRGH                              00000002
C                                 00000000
C1                                00000047
C2                                00000048
C3                                00000049
CCP1CON                           00000017
CCP1IE                            00000002
CCP1IF                            00000002
CCP1M0                            00000000
CCP1M1                            00000001
CCP1M2                            00000002
CCP1M3                            00000003
CCP1X                             00000005
CCP1Y                             00000004
CCP2CON                           0000001D
CCP2IE                            00000000
CCP2IF                            00000000
CCP2M0                            00000000
CCP2M1                            00000001
CCP2M2                            00000002
CCP2M3                            00000003
CCP2X                             00000005
CCP2Y                             00000004
CCPR1H                            00000016
CCPR1L                            00000015
CCPR2H                            0000001C
CCPR2L                            0000001B
CHS0                              00000003
CHS1                              00000004
CHS2                              00000005
MPASM  5.35                        RJCAR3.ASM   3-12-2012  19:56:55         PAGE 21


SYMBOL TABLE
  LABEL                             VALUE 

CIS1_H                            0000003A
CIS1_L                            00000039
CIS2_H                            0000003C
CIS2_L                            0000003B
CKE                               00000006
CKP                               00000004
CREN                              00000004
CSRC                              00000007
D                                 00000005
D1                                0000004A
D2                                0000004B
D3                                0000004C
DATA_ADDRESS                      00000005
DC                                00000001
D_A                               00000005
EEADR                             0000010D
EEADRH                            0000010F
EECON1                            0000018C
EECON2                            0000018D
EEDATA                            0000010C
EEDATH                            0000010E
EEIE                              00000004
EEIF                              00000004
EEPGD                             00000007
F                                 00000001
FERR                              00000002
FL                                0000004F
FSR                               00000004
GCEN                              00000007
GIE                               00000007
GO                                00000002
GO_DONE                           00000002
I2C_DATA                          00000005
I2C_READ                          00000002
I2C_START                         00000003
I2C_STOP                          00000004
IBF                               00000007
IBOV                              00000005
INDF                              00000000
INTCON                            0000000B
INTE                              00000004
INTEDG                            00000006
INTF                              00000001
IRP                               00000007
LDalsi                            00000287
LOM24                             0000027B
LOMENO24                          00000274
LZapor                            0000028F
MINUS                             0000029F
NOT_A                             00000005
NOT_ADDRESS                       00000005
NOT_BO                            00000000
NOT_BOR                           00000000
MPASM  5.35                        RJCAR3.ASM   3-12-2012  19:56:55         PAGE 22


SYMBOL TABLE
  LABEL                             VALUE 

NOT_DONE                          00000002
NOT_PD                            00000003
NOT_POR                           00000001
NOT_RBPU                          00000007
NOT_RC8                           00000006
NOT_T1SYNC                        00000002
NOT_TO                            00000004
NOT_TX8                           00000006
NOT_W                             00000002
NOT_WRITE                         00000002
OBF                               00000006
OERR                              00000001
OPTION_REG                        00000081
OUT_H                             00000052
OUT_L                             00000051
P                                 00000004
PCFG0                             00000000
PCFG1                             00000001
PCFG2                             00000002
PCFG3                             00000003
PCL                               00000002
PCLATH                            0000000A
PCON                              0000008E
PCON_POR                          00000003
PEIE                              00000006
PEN                               00000002
PIE1                              0000008C
PIE2                              0000008D
PIR1                              0000000C
PIR2                              0000000D
POR                               00000001
PORTA                             00000005
PORTB                             00000006
PORTC                             00000007
PORTD                             00000008
PORTE                             00000009
PR2                               00000092
PS0                               00000000
PS1                               00000001
PS2                               00000002
PSA                               00000003
PSPIE                             00000007
PSPIF                             00000007
PSPMODE                           00000004
R                                 00000002
RBIE                              00000003
RBIF                              00000000
RC8_9                             00000006
RC9                               00000006
RCD8                              00000000
RCEN                              00000003
RCIE                              00000005
RCIF                              00000005
MPASM  5.35                        RJCAR3.ASM   3-12-2012  19:56:55         PAGE 23


SYMBOL TABLE
  LABEL                             VALUE 

RCREG                             0000001A
RCSTA                             00000018
RD                                00000000
READ_WRITE                        00000002
RP0                               00000005
RP1                               00000006
RSEN                              00000001
RX9                               00000006
RX9D                              00000000
R_W                               00000002
S                                 00000003
SEN                               00000000
SMP                               00000007
SPBRG                             00000099
SPEN                              00000007
SREN                              00000005
SSPADD                            00000093
SSPBUF                            00000013
SSPCON                            00000014
SSPCON2                           00000091
SSPEN                             00000005
SSPIE                             00000003
SSPIF                             00000003
SSPM0                             00000000
SSPM1                             00000001
SSPM2                             00000002
SSPM3                             00000003
SSPOV                             00000006
SSPSTAT                           00000094
STATUS                            00000003
SYNC                              00000004
T0CS                              00000005
T0IE                              00000005
T0IF                              00000002
T0SE                              00000004
T1CKPS0                           00000004
T1CKPS1                           00000005
T1CON                             00000010
T1INSYNC                          00000002
T1OSCEN                           00000003
T1SYNC                            00000002
T2CKPS0                           00000000
T2CKPS1                           00000001
T2CON                             00000012
TMR0                              00000001
TMR1CS                            00000001
TMR1H                             0000000F
TMR1IE                            00000000
TMR1IF                            00000000
TMR1L                             0000000E
TMR1ON                            00000000
TMR2                              00000011
TMR2IE                            00000001
MPASM  5.35                        RJCAR3.ASM   3-12-2012  19:56:55         PAGE 24


SYMBOL TABLE
  LABEL                             VALUE 

TMR2IF                            00000001
TMR2ON                            00000002
TOUTPS0                           00000003
TOUTPS1                           00000004
TOUTPS2                           00000005
TOUTPS3                           00000006
TRISA                             00000085
TRISB                             00000086
TRISC                             00000087
TRISD                             00000088
TRISE                             00000089
TRISE0                            00000000
TRISE1                            00000001
TRISE2                            00000002
TRMT                              00000001
TX8_9                             00000006
TX9                               00000006
TX9D                              00000000
TXD8                              00000000
TXEN                              00000005
TXIE                              00000004
TXIF                              00000004
TXREG                             00000019
TXSTA                             00000098
UA                                00000001
W                                 00000000
WATCHOVER                         00000002
WCOL                              00000007
WR                                00000001
WREN                              00000002
WRERR                             00000003
X1                                0000004D
X2                                0000004E
Z                                 00000002
_BODEN_OFF                        00003FBF
_BODEN_ON                         00003FFF
_CPD_OFF                          00003FFF
_CPD_ON                           00003EFF
_CP_ALL                           00000FCF
_CP_HALF                          00001FDF
_CP_OFF                           00003FFF
_CP_UPPER_256                     00002FEF
_DEBUG_OFF                        00003FFF
_DEBUG_ON                         000037FF
_HS_OSC                           00003FFE
_LP_OSC                           00003FFC
_LVP_OFF                          00003F7F
_LVP_ON                           00003FFF
_PWRTE_OFF                        00003FFF
_PWRTE_ON                         00003FF7
_RC_OSC                           00003FFF
_WDT_OFF                          00003FFB
_WDT_ON                           00003FFF
MPASM  5.35                        RJCAR3.ASM   3-12-2012  19:56:55         PAGE 25


SYMBOL TABLE
  LABEL                             VALUE 

_WRT_ENABLE_OFF                   00003DFF
_WRT_ENABLE_ON                    00003FFF
_XT_OSC                           00003FFD
__16F874A                         00000001
adconv                            0000023D
adconv2                           00000244
adconv_one                        00000265
an0                               00000031
an1                               00000032
an2                               00000033
an3                               00000034
an4                               00000035
an5                               00000036
an6                               00000037
an7                               00000038
cil                               00000024
cislo                             00000026
conf                              0000007C
ende                              000000A0
init                              00000005
inter                             00000036
intoff                            00000029
inton                             0000002E
loop                              0000020A
na4                               000000B0
nb1                               000000CD
nb2                               000000D2
nb3                               000000D7
nb4                               000000DC
nb5                               000000E1
nb6                               000000E6
nb7                               000000EB
nc0                               0000010A
nc1                               0000010F
nc2                               00000114
nc3                               00000119
nc4                               0000011E
nc5                               00000123
nc6                               00000128
nc7                               0000012D
nd0                               0000014C
nd1                               00000151
nd2                               00000156
nd3                               0000015B
nd4                               00000160
nd5                               00000165
nd6                               0000016A
nd7                               0000016F
num                               00000030
port                              00000025
pra                               000000A7
prb                               000000B5
prc                               000000F0
MPASM  5.35                        RJCAR3.ASM   3-12-2012  19:56:55         PAGE 26


SYMBOL TABLE
  LABEL                             VALUE 

prd                               00000132
prijem                            00000056
prijemerr                         000000A5
r1                                00000020
r2                                00000021
r3                                00000022
r4                                00000023
r5                                00000027
ran1                              0000003D
ran2                              0000003E
ran3                              0000003F
ran4                              00000040
ran5                              00000050
restart                           00000206
s_temp                            0000002C
start                             00000208
vysilej                           00000174
w100c                             00000233
w40c                              00000238
w_temp                            0000002B
watchover                         00000045
watchstart                        00000049
watchwait                         00000053
x2M                               00000299


MEMORY USAGE MAP ('X' = Used,  '-' = Unused)

0000 : X---XXXXXXXXXXXX XXXXXXXXXXXXXXXX XXXXXXXXXXXXXXXX XXXXXXXXXXXXXXXX
0040 : XXXXXXXXXXXXXXXX XXXXXXXXXXXXXXXX XXXXXXXXXXXXXXXX XXXXXXXXXXXXXXXX
0080 : XXXXXXXXXXXXXXXX XXXXXXXXXXXXXXXX XXXXXXXXXXXXXXXX XXXXXXXXXXXXXXXX
00C0 : XXXXXXXXXXXXXXXX XXXXXXXXXXXXXXXX XXXXXXXXXXXXXXXX XXXXXXXXXXXXXXXX
0100 : XXXXXXXXXXXXXXXX XXXXXXXXXXXXXXXX XXXXXXXXXXXXXXXX XXXXXXXXXXXXXXXX
0140 : XXXXXXXXXXXXXXXX XXXXXXXXXXXXXXXX XXXXXXXXXXXXXXXX XXXXXXXXXXXXXXXX
0180 : XXXXXXXXXXXXXXXX XXXXXXXXXXXXXXXX XXXXXXXXXXXXXXXX XXXXXXXXXXXXXXXX
01C0 : XXXXXXXXXXXXXXXX XXXXXXXXXXXXXXXX XXXXXXXXXXXXXXXX XXXXXXXXXXXXXXXX
0200 : XXXXXXXXXXXXXXXX XXXXXXXXXXXXXXXX XXXXXXXXXXXXXXXX XXXXXXXXXXXXXXXX
0240 : XXXXXXXXXXXXXXXX XXXXXXXXXXXXXXXX XXXXXXXXXXXXXXXX XXXXXXXXXXXXXXXX
0280 : XXXXXXXXXXXXXXXX XXXXXXXXXXXXXXXX XXXXXXXXXXXXXXXX XXXXXXX---------

All other memory blocks unused.

Program Memory Words Used:   692
Program Memory Words Free:  3404


Errors   :     0
Warnings :     0 reported,     0 suppressed
Messages :    15 reported,     0 suppressed

